=== timestamp ===
Wed Sep  9 07:21:44 UTC 2026
=== hostname ===
45185f713867
=== nvidia-smi ===
Wed Sep  9 07:21:44 2026       
+-----------------------------------------------------------------------------------------+
| NVIDIA-SMI 580.159.03             Driver Version: 580.159.03     CUDA Version: 13.1     |
+-----------------------------------------+------------------------+----------------------+
| GPU  Name                 Persistence-M | Bus-Id          Disp.A | Volatile Uncorr. ECC |
| Fan  Temp   Perf          Pwr:Usage/Cap |           Memory-Usage | GPU-Util  Compute M. |
|                                         |                        |               MIG M. |
|=========================================+========================+======================|
|   0  NVIDIA A100-SXM4-40GB          On  |   00000000:8D:00.0 Off |                    0 |
| N/A   24C    P0             50W /  400W |       0MiB /  40960MiB |      0%      Default |
|                                         |                        |             Disabled |
+-----------------------------------------+------------------------+----------------------+
|   1  NVIDIA A100-SXM4-40GB          On  |   00000000:DA:00.0 Off |                    0 |
| N/A   25C    P0             52W /  400W |       0MiB /  40960MiB |      0%      Default |
|                                         |                        |             Disabled |
+-----------------------------------------+------------------------+----------------------+

+-----------------------------------------------------------------------------------------+
| Processes:                                                                              |
|  GPU   GI   CI              PID   Type   Process name                        GPU Memory |
|        ID   ID                                                               Usage      |
|=========================================================================================|
|  No running processes found                                                             |
+-----------------------------------------------------------------------------------------+
=== nvidia-smi topo -m ===
	[4mGPU0	GPU1	NIC0	NIC1	NIC2	NIC3	NIC4	NIC5	NIC6	NIC7	NIC8	NIC9	NIC10	NIC11	NIC12	NIC13	NIC14	NIC15	NIC16	NIC17	CPU Affinity	NUMA Affinity	GPU NUMA ID[0m
GPU0	 X 	NV12	SYS	SYS	SYS	SYS	SYS	SYS	SYS	SYS	SYS	SYS	SYS	SYS	SYS	SYS	PXB	PXB	PXB	PXB	56-63,120-127	7		N/A
GPU1	NV12	 X 	SYS	SYS	SYS	SYS	SYS	SYS	SYS	SYS	SYS	SYS	PXB	PXB	PXB	PXB	SYS	SYS	SYS	SYS	40-47,104-111	5		N/A
NIC0	SYS	SYS	 X 	PIX	PXB	PXB	SYS	SYS	SYS	SYS	SYS	SYS	SYS	SYS	SYS	SYS	SYS	SYS	SYS	SYS				
NIC1	SYS	SYS	PIX	 X 	PXB	PXB	SYS	SYS	SYS	SYS	SYS	SYS	SYS	SYS	SYS	SYS	SYS	SYS	SYS	SYS				
NIC2	SYS	SYS	PXB	PXB	 X 	PIX	SYS	SYS	SYS	SYS	SYS	SYS	SYS	SYS	SYS	SYS	SYS	SYS	SYS	SYS				
NIC3	SYS	SYS	PXB	PXB	PIX	 X 	SYS	SYS	SYS	SYS	SYS	SYS	SYS	SYS	SYS	SYS	SYS	SYS	SYS	SYS				
NIC4	SYS	SYS	SYS	SYS	SYS	SYS	 X 	PIX	SYS	SYS	SYS	SYS	SYS	SYS	SYS	SYS	SYS	SYS	SYS	SYS				
NIC5	SYS	SYS	SYS	SYS	SYS	SYS	PIX	 X 	SYS	SYS	SYS	SYS	SYS	SYS	SYS	SYS	SYS	SYS	SYS	SYS				
NIC6	SYS	SYS	SYS	SYS	SYS	SYS	SYS	SYS	 X 	PIX	PXB	PXB	SYS	SYS	SYS	SYS	SYS	SYS	SYS	SYS				
NIC7	SYS	SYS	SYS	SYS	SYS	SYS	SYS	SYS	PIX	 X 	PXB	PXB	SYS	SYS	SYS	SYS	SYS	SYS	SYS	SYS				
NIC8	SYS	SYS	SYS	SYS	SYS	SYS	SYS	SYS	PXB	PXB	 X 	PIX	SYS	SYS	SYS	SYS	SYS	SYS	SYS	SYS				
NIC9	SYS	SYS	SYS	SYS	SYS	SYS	SYS	SYS	PXB	PXB	PIX	 X 	SYS	SYS	SYS	SYS	SYS	SYS	SYS	SYS				
NIC10	SYS	PXB	SYS	SYS	SYS	SYS	SYS	SYS	SYS	SYS	SYS	SYS	 X 	PIX	PXB	PXB	SYS	SYS	SYS	SYS				
NIC11	SYS	PXB	SYS	SYS	SYS	SYS	SYS	SYS	SYS	SYS	SYS	SYS	PIX	 X 	PXB	PXB	SYS	SYS	SYS	SYS				
NIC12	SYS	PXB	SYS	SYS	SYS	SYS	SYS	SYS	SYS	SYS	SYS	SYS	PXB	PXB	 X 	PIX	SYS	SYS	SYS	SYS				
NIC13	SYS	PXB	SYS	SYS	SYS	SYS	SYS	SYS	SYS	SYS	SYS	SYS	PXB	PXB	PIX	 X 	SYS	SYS	SYS	SYS				
NIC14	PXB	SYS	SYS	SYS	SYS	SYS	SYS	SYS	SYS	SYS	SYS	SYS	SYS	SYS	SYS	SYS	 X 	PIX	PXB	PXB				
NIC15	PXB	SYS	SYS	SYS	SYS	SYS	SYS	SYS	SYS	SYS	SYS	SYS	SYS	SYS	SYS	SYS	PIX	 X 	PXB	PXB				
NIC16	PXB	SYS	SYS	SYS	SYS	SYS	SYS	SYS	SYS	SYS	SYS	SYS	SYS	SYS	SYS	SYS	PXB	PXB	 X 	PIX				
NIC17	PXB	SYS	SYS	SYS	SYS	SYS	SYS	SYS	SYS	SYS	SYS	SYS	SYS	SYS	SYS	SYS	PXB	PXB	PIX	 X 				

Legend:

  X    = Self
  SYS  = Connection traversing PCIe as well as the SMP interconnect between NUMA nodes (e.g., QPI/UPI)
  NODE = Connection traversing PCIe as well as the interconnect between PCIe Host Bridges within a NUMA node
  PHB  = Connection traversing PCIe as well as a PCIe Host Bridge (typically the CPU)
  PXB  = Connection traversing multiple PCIe bridges (without traversing the PCIe Host Bridge)
  PIX  = Connection traversing at most a single PCIe bridge
  NV#  = Connection traversing a bonded set of # NVLinks

NIC Legend:

  NIC0: mlx5_0
  NIC1: mlx5_1
  NIC2: mlx5_2
  NIC3: mlx5_3
  NIC4: mlx5_4
  NIC5: mlx5_5
  NIC6: mlx5_6
  NIC7: mlx5_7
  NIC8: mlx5_8
  NIC9: mlx5_9
  NIC10: mlx5_10
  NIC11: mlx5_11
  NIC12: mlx5_12
  NIC13: mlx5_13
  NIC14: mlx5_14
  NIC15: mlx5_15
  NIC16: mlx5_16
  NIC17: mlx5_17

=== nvidia-smi nvlink -s ===
GPU 0: NVIDIA A100-SXM4-40GB (UUID: GPU-13c8a698-5e4c-9096-6a6a-010d76815bb6)
	 Link 0: 25 GB/s
	 Link 1: 25 GB/s
	 Link 2: 25 GB/s
	 Link 3: 25 GB/s
	 Link 4: 25 GB/s
	 Link 5: 25 GB/s
	 Link 6: 25 GB/s
	 Link 7: 25 GB/s
	 Link 8: 25 GB/s
	 Link 9: 25 GB/s
	 Link 10: 25 GB/s
	 Link 11: 25 GB/s
GPU 1: NVIDIA A100-SXM4-40GB (UUID: GPU-441962b4-b92e-6c02-512e-79cf8c633321)
	 Link 0: 25 GB/s
	 Link 1: 25 GB/s
	 Link 2: 25 GB/s
	 Link 3: 25 GB/s
	 Link 4: 25 GB/s
	 Link 5: 25 GB/s
	 Link 6: 25 GB/s
	 Link 7: 25 GB/s
	 Link 8: 25 GB/s
	 Link 9: 25 GB/s
	 Link 10: 25 GB/s
	 Link 11: 25 GB/s
=== nvcc ===
nvcc: NVIDIA (R) Cuda compiler driver
Copyright (c) 2005-2025 NVIDIA Corporation
Built on Tue_Dec_16_07:23:41_PM_PST_2025
Cuda compilation tools, release 13.1, V13.1.115
Build cuda_13.1.r13.1/compiler.37061995_0
=== python ===
Python 3.12.3
=== pytorch ===
torch: 2.10.0a0+a36e1d39eb.nv26.01.42222806
torch CUDA: 13.1
CUDA available: True
GPU count: 2
0 NVIDIA A100-SXM4-40GB
1 NVIDIA A100-SXM4-40GB
NCCL: (2, 29, 2)
=== megatron ===
megatron.core: /root/working/dp-tp-pp-lab/third_party/Megatron-LM/megatron/core/__init__.py
be85fc5df550f2236a850ecbf0dd1bf1b4cb4814
